// Jest Snapshot v1, https://goo.gl/fbAQLP

exports[`Testing <CardNews/> component  render should march with snapshot 1`] = `
<div>
  <a
    href="/noticias/undefined"
    style="text-decoration: none;"
  >
    <div
      class="MuiPaper-root MuiPaper-elevation MuiPaper-rounded MuiPaper-elevation1 MuiCard-root css-3lwjl-MuiPaper-root-MuiCard-root"
    >
      <img
        alt="testing pic"
        class="MuiCardMedia-root MuiCardMedia-media MuiCardMedia-img css-j0zv8p-MuiCardMedia-root"
        height="140"
      />
      <div
        class="MuiCardContent-root css-46bh2p-MuiCardContent-root"
      >
        <div
          class="MuiTypography-root MuiTypography-h5 MuiTypography-gutterBottom css-h93ljk-MuiTypography-root"
        />
        <p
          class="MuiTypography-root MuiTypography-body2 css-r40f8v-MuiTypography-root"
        />
      </div>
      <hr
        class="MuiDivider-root MuiDivider-fullWidth css-ac0cew-MuiDivider-root"
      />
      <div
        class="MuiBox-root css-1bvnc3y"
      >
        <h6
          class="MuiTypography-root MuiTypography-subtitle2 css-ati914-MuiTypography-root"
        >
          undefinedmin
           
        </h6>
        <svg
          aria-hidden="true"
          class="MuiSvgIcon-root MuiSvgIcon-colorAction MuiSvgIcon-fontSizeSmall css-ltyecm-MuiSvgIcon-root"
          data-testid="MenuBookRoundedIcon"
          focusable="false"
          viewBox="0 0 24 24"
        >
          <path
            d="M17.5 4.5c-1.95 0-4.05.4-5.5 1.5-1.45-1.1-3.55-1.5-5.5-1.5-1.45 0-2.99.22-4.28.79C1.49 5.62 1 6.33 1 7.14v11.28c0 1.3 1.22 2.26 2.48 1.94.98-.25 2.02-.36 3.02-.36 1.56 0 3.22.26 4.56.92.6.3 1.28.3 1.87 0 1.34-.67 3-.92 4.56-.92 1 0 2.04.11 3.02.36 1.26.33 2.48-.63 2.48-1.94V7.14c0-.81-.49-1.52-1.22-1.85-1.28-.57-2.82-.79-4.27-.79zM21 17.23c0 .63-.58 1.09-1.2.98-.75-.14-1.53-.2-2.3-.2-1.7 0-4.15.65-5.5 1.5V8c1.35-.85 3.8-1.5 5.5-1.5.92 0 1.83.09 2.7.28.46.1.8.51.8.98v9.47z"
          />
          <path
            d="M13.98 11.01c-.32 0-.61-.2-.71-.52-.13-.39.09-.82.48-.94 1.54-.5 3.53-.66 5.36-.45.41.05.71.42.66.83-.05.41-.42.71-.83.66-1.62-.19-3.39-.04-4.73.39-.08.01-.16.03-.23.03zm0 2.66c-.32 0-.61-.2-.71-.52-.13-.39.09-.82.48-.94 1.53-.5 3.53-.66 5.36-.45.41.05.71.42.66.83-.05.41-.42.71-.83.66-1.62-.19-3.39-.04-4.73.39-.08.02-.16.03-.23.03zm0 2.66c-.32 0-.61-.2-.71-.52-.13-.39.09-.82.48-.94 1.53-.5 3.53-.66 5.36-.45.41.05.71.42.66.83-.05.41-.42.7-.83.66-1.62-.19-3.39-.04-4.73.39-.08.02-.16.03-.23.03z"
          />
        </svg>
        <svg
          aria-hidden="true"
          class="MuiSvgIcon-root MuiSvgIcon-colorAction MuiSvgIcon-fontSizeSmall css-p42h9j-MuiSvgIcon-root"
          data-testid="IosShareRoundedIcon"
          focusable="false"
          viewBox="0 0 24 24"
        >
          <path
            d="M18 8h-2c-.55 0-1 .45-1 1s.45 1 1 1h2v11H6V10h2c.55 0 1-.45 1-1s-.45-1-1-1H6c-1.1 0-2 .9-2 2v11c0 1.1.9 2 2 2h12c1.1 0 2-.9 2-2V10c0-1.1-.9-2-2-2z"
          />
          <path
            d="M12 16c.55 0 1-.45 1-1V5h1.79c.45 0 .67-.54.35-.85l-2.79-2.79c-.2-.2-.51-.2-.71 0L8.85 4.15c-.31.31-.09.85.36.85H11v10c0 .55.45 1 1 1z"
          />
        </svg>
      </div>
    </div>
  </a>
</div>
`;
