// Jest Snapshot v1, https://goo.gl/fbAQLP

exports[`testing <Navbar/> component should match snapshot 1`] = `
<div>
  <div
    class="wrapper"
  >
    <nav
      class="navbar container"
    >
      <a
        class="link"
        href="/"
      >
        <img
          alt="logo-mutual"
          class="image"
          src="/mutual-svg.svg"
        />
      </a>
      <ul
        class="navbar-items"
      >
        <li>
          <a
            class="navbar-items"
            href="/"
          >
            Inicio
          </a>
        </li>
        <li>
          <a>
            <a
              class="navbar-items"
              href="/"
            >
              Noticias
            </a>
          </a>
        </li>
        <li>
          <a
            class="navbar-items"
            href="/descargables"
          >
            Descargables
          </a>
        </li>
        <li>
          <a
            class="navbar-items"
            href="/form"
          >
            Contactanos
          </a>
        </li>
      </ul>
      <button
        aria-label="Iniciar SecciÃ³n"
        class="MuiButtonBase-root MuiIconButton-root MuiIconButton-sizeMedium css-78trlr-MuiButtonBase-root-MuiIconButton-root"
        data-mui-internal-clone-element="true"
        tabindex="0"
        type="button"
      >
        <a
          class="MuiTypography-root MuiTypography-inherit MuiLink-root MuiLink-underlineAlways css-1iwtne7-MuiTypography-root-MuiLink-root"
          href="https://aunteespero-backend.herokuapp.com/admin"
          rel="noopener"
          target="_blank"
        >
          <svg
            aria-hidden="true"
            class="MuiSvgIcon-root MuiSvgIcon-fontSizeMedium css-1kttvr3-MuiSvgIcon-root"
            data-testid="AccountCircleIcon"
            focusable="false"
            viewBox="0 0 24 24"
          >
            <path
              d="M12 2C6.48 2 2 6.48 2 12s4.48 10 10 10 10-4.48 10-10S17.52 2 12 2zm0 3c1.66 0 3 1.34 3 3s-1.34 3-3 3-3-1.34-3-3 1.34-3 3-3zm0 14.2c-2.5 0-4.71-1.28-6-3.22.03-1.99 4-3.08 6-3.08 1.99 0 5.97 1.09 6 3.08-1.29 1.94-3.5 3.22-6 3.22z"
            />
          </svg>
        </a>
        <span
          class="MuiTouchRipple-root css-8je8zh-MuiTouchRipple-root"
        />
      </button>
    </nav>
  </div>
</div>
`;
